border_size=1
usage=map

Xu          , Xu          , Xu          , Xu          , Xu          , Xu          , Xu          , Xu          , Xu          , Xu          , Xu          , Xu          , Xu          , Xu          , Xu          , Xu          , Xu          , Xu          , Xu          , Xu          , Xu          , Xu          , Xu          , Xu          , Ql          , Qlf         , Qlf         , Qlf         , Qlf         , Qlf         , Qlf         , Qlf         , Qlf         , Xu          , Xu          , Xu          , Xu          , Xu          , Xu          , Xu          , Xu          , Uu          
Xu          , Xu          , Xu          , Xu          , Xu          , Xu          , Xu          , Xu          , Xu          , Xu          , Xu          , Xu          , Xu          , Xu          , Xu          , Xu          , Xu          , Xu          , Xu          , Xu          , Xu          , Xu          , Xu          , Xu          , Xu          , Ql          , Ql          , Qlf         , Qlf         , Ql          , Ql          , Ql          , Xu          , Ql          , Xu          , Xu          , Xu          , Xu          , Xu          , Xu          , Xu          , Xu          
Xu          , Xu          , Xu          , Xu          , Xu          , Xu          , Xu          , Xu          , Xu          , Xu          , Uh          , Xu          , Uu          , Xu          , Uu          , Xu          , Uu          , Xu          , Uu          , Xu          , Uu          , Xu          , Uu          , Xu          , Uu          , Ql          , Ql          , Ql          , Ql          , Ql          , Ql          , Xu          , Uu          , Xu          , Xu          , Xu          , Xu          , Xu          , Uu          , Xu          , Xu          , Xu          
Xu          , Xu          , Xu          , Xu          , Uh          , Uh          , Uh          , Uh          , Uh          , Uh          , Ql          , Ql          , Ql          , Uu          , Ql          , Uu          , Uu          , Uu          , Uu          , Uu          , Uu          , Uu          , Uu          , Uu          , Uu          , Uu          , Uu          , Ql          , Ql          , Ql          , Uu          , Uu          , Uu          , Uu          , Uu          , Uu^Vud      , Uu          , Uu          , Uu          , Xu          , Xu          , Xu          
Xu          , Xu          , Xu          , Uh          , Uh          , Uh          , Uh          , Uh          , Ql          , Ql          , Qlf         , Qlf         , Qlf         , Ql          , Qlf         , Ql          , Ql          , Uu          , Uu          , Uu          , Uu          , Uu          , Uu          , Uu          , Uu          , Uu          , Uu          , Rr          , Uu          , Uu          , Uu          , Uu          , Uu          , Uu          , Uu          , Uu          , Rr          , Rr          , Uu          , Uu          , Xu          , Xu          
Xu          , Xu          , Xu          , Uh          , Uh          , Uh          , Uh          , Ql          , Qlf         , Qlf         , Uh          , Uh          , Uh          , Qlf         , Qlf         , Ql          , Ql          , Uu          , Uu          , Uu          , Uu          , Uu          , Uu          , Uu          , Uu          , Uu          , Uu          , Rr          , Rr          , Uu          , Uu          , Uu          , Uu          , Uu          , Uu          , Rr          , Rr          , Rr          , Uu          , Uu^Vud      , Xu          , Xu          
Xu          , Xu          , Xu          , Uh          , Uh          , Ql          , Uh          , Ql          , Qlf         , Uh          , Uh          , Uu          , Uu          , Uh          , Uh          , Qlf         , Ql          , Uu          , Uu          , Uu          , Uu          , Uu          , Uu          , Uu          , Uu          , Uu          , Uu          , Rr          , Rr          , Uu          , Uu          , Uu          , Uu          , Xu          , Xu          , Uu          , Uu          , Rr          , Uu          , Uu          , Xu          , Xu          
Xu          , Xu          , Xu          , Uh          , Uh          , Ql          , Uh          , Ql          , Ql          , Qlf         , Uh          , Uu          , Uu          , Uu          , Uh          , Qlf         , Qlf         , Ql          , Uu          , Uu          , Uu          , Uu          , Xu          , Xu          , Uu          , Uu          , Uu          , Uu          , Rr          , Uu          , Uu          , Uu          , Uu          , Xu          , Xu          , Uu^Vud      , Uu          , Uu          , Uu          , Uu          , Xu          , Xu          
Xu          , Xu          , Xu          , Uh          , Uh          , Ql          , Ql          , Ql          , Ql          , Qlf         , Qlf         , Uh          , Uh          , Uh          , Qlf         , Qlf         , Qlf         , Ql          , Uu          , Uu          , Uu          , Uu          , Xu          , Xu          , Uu          , Uu          , Uu          , Rr          , Rr          , Uu          , Uu          , Uu          , Uu          , Uu          , Uu          , Xu          , Xu          , Uu          , Uu          , Uu          , Xu          , Xu          
Xu          , Xu          , Xu          , Uh          , Uh          , Ql          , Ql          , Uh          , Ql          , Qlf         , Qlf         , Qlf         , Qlf         , Qlf         , Qlf         , Qlf         , Ql          , Ql          , Uu          , Uu          , Uu          , Xu          , Xu          , Xu          , Uu          , Uu          , Uu          , Rr          , Rr          , Uu          , Uu          , Uu          , Uu          , Uu          , Uu          , Uu          , Uu^Vud      , Xu          , Uu          , Uu          , Xu          , Xu          
Xu          , Xu          , Xu          , Uh          , Uh          , Ql          , Uh          , Uh          , Uh          , Ql          , Ql          , Qlf         , Ql          , Qlf         , Ql          , Ql          , Ql          , Uu          , Uu          , Uu          , Xu          , Xu          , Xu          , Uu^Vud      , Uu          , Uu          , Uu          , Uu          , Rr          , Rr          , Uu          , Uu          , Uu          , Uu          , Rr          , Rr          , Uu          , Xu          , Xu          , Xu          , Xu          , Xu          
Xu          , Xu          , Xu          , Uh          , Uh          , Ql          , Uh          , Uh          , Uh          , Ql          , Uh          , Ql          , Ql          , Ql          , Uu          , Uu          , Uu          , Uu          , Xu          , Xu          , Xu          , Xu          , Uu          , Rr          , Rr          , Uu          , Rr          , Rr          , Rr          , Rr          , Uu          , Uu          , Uu          , Uu          , Rr          , Uu          , Uu          , Uu          , Uu          , Xu          , Xu          , Xu          
Xu          , Xu          , Xu          , Uh          , Uh          , Uh          , Uh          , Uh          , Xu          , Uh          , Xu          , Xu          , Xu          , Xu          , Xu          , Xu          , Xu          , Xu          , Xu          , Xu          , Xu          , Xu          , Uu^Vud      , Rr          , Rr          , Rr          , Uu          , Uu          , Uu          , Rr          , Rr          , Uu          , Chr         , 4 Khr       , Chr         , Uu          , Uu          , Uu          , Uu          , Xu          , Xu          , Xu          
Xu          , Xu          , Xu          , Uh          , Uh          , Uh          , Xu          , Xu          , Xu          , Xu          , Xu          , Xu          , Xu          , Xu          , Xu          , Xu          , Xu          , Xu          , Xu          , Xu          , Xu          , Xu          , Xu          , Xu          , Xu          , Uu          , Uu^Vud      , Uu          , Uu          , Uu          , Uu          , Rr          , Rr          , Chr         , Chr         , Uu          , Chr         , Uu          , Uu          , Uu          , Xu          , Xu          
Xu          , Xu          , Xu          , Uh          , Xu          , Xu          , Xu          , Xu          , Xu          , Xu          , Xu          , Xu          , Xu          , Xu          , Xu          , Xu          , Xu          , Xu          , Xu          , Xu          , Xu          , Xu          , Xu          , Xu          , Xu          , Xu          , Xu          , Uu          , Uu          , Uu          , Uu          , Uu          , Chr         , Rr          , Rr          , Rr          , Rr          , Uu          , Uu          , Uu          , Xu          , Xu          
Wo          , Xu          , Xu          , Xu          , Xu          , Xu          , Xu          , Xu          , Uu^Vu       , Xu          , Uh          , Uh          , Uh          , Uh          , Uh          , Uh          , Uh          , Xu          , Uu          , Xu          , Xu          , Xu          , Xu          , Xu          , Xu          , Xu          , Xu          , Xu          , Xu          , Uu          , Uu          , Uu          , Uu          , Uu          , Rr          , Rr          , Rr          , Ql          , Ql          , Xu          , Xu          , Xu          
Wo          , Wo          , Xu          , Xu          , Xu          , Xu          , Uu          , Uu          , Uu          , Uu          , Uu          , Uh          , Uu          , Uh          , Uh          , Uh          , Uu          , Uu          , Uu          , Uu          , Uu          , Uu^Vu       , Re          , Uh          , Uh          , Xu          , Xu          , Xu          , Xu          , Xu          , Xu          , Uu          , Ql          , Ql          , Rr          , Rr          , Rr          , Ql          , Ql          , Xu          , Xu          , Xu          
Wo          , Wo          , Wo          , Xu          , Xu          , Uu^Uf       , Uu          , Uu          , Uu          , Uu          , Uu          , Uu          , Uu          , Uu          , Uu          , Uu          , Uu          , Uu          , Re          , Re          , Re          , Re          , Ww          , Re          , Re          , Uh          , Uh          , Xu          , Xu          , Xu          , Xu          , Ql          , Ql          , Rr          , Rr          , Rr          , Rr          , Ql          , Ql          , Ql          , Ql          , Xu          
Wo          , Wo          , Wo          , Xu          , Ww          , Re          , Re          , Uu          , Uu          , Uu          , Uu          , Uu          , Uu          , Uu          , Uu          , Uu          , Uu          , Uu          , Re          , Ww          , Ww          , Ww          , Ww          , Ww          , Re          , Uu          , Uh          , Xu          , Xu          , Xu          , Xu          , Ql          , Ql          , Rr          , Rr          , Rr          , Rr          , Ql          , Ql          , Ql          , Ql          , Ql          
Wo          , Wo          , Wo          , Wo          , Ww          , Ww          , Re          , Re^Uf       , Uu          , Uu          , Uu          , Uu          , Uu          , Uu          , Uu          , Uu          , Uu          , Re          , Re          , Ww          , Ww          , Ww          , Ww          , Ww          , Re          , Re          , Uh          , Xu          , Xu          , Xu          , Xu          , Ql          , Ql          , Rr          , Rr          , Rr          , Rr          , Ql          , Ql          , Ql          , Ql          , Ql          
Xu          , Wo          , Xu          , Ww          , Ww          , Ww          , Re          , Re^Uf       , Uu          , Uu          , Uu          , Uu          , Xu          , Uu          , Uu          , Uu          , Uu          , Re          , Re          , Re          , Re          , Ww          , Re          , Re          , Re          , Re          , Uh          , Xu          , Xu          , Xu          , Xu          , Ql          , Ql          , Ql          , Rr          , Rr          , Rr          , Ql          , Ql          , Ql          , Ql          , Ql          
Xu          , Xu          , Xu          , Ww          , Re          , Re          , Uu          , Uu^Vu       , Uu          , Uu          , Uu          , Xu          , Xu          , Xu          , Uu          , Uu          , Uu          , Uu          , Uu          , Uu          , Uu          , Re          , Uu          , Uu          , Uu          , Uu^Vu       , Uh          , Uh          , Xu          , Xu          , Xu          , Ql          , Ql          , Ql          , Rr          , Rr          , Rr          , Ql          , Ql          , Ql          , Ql          , Ql          
Xu          , Xu          , Xu          , Re          , Uu          , Uu          , Uu          , Uu          , Uu          , Uu          , Uu          , Xu          , Xu          , Xu          , Uu          , Uu          , Uu          , Uu          , Uu          , Uu          , Uu          , Uu          , Uu          , Uu          , Uu          , Uu          , Uu          , Uh          , Xu          , Xu          , Xu          , Ql          , Ql          , Ql          , Rr          , Rr          , Rr          , Ql          , Ql          , Xu          , Xu          , Xu          
Xu          , Xu          , Xu          , Uu          , Uu          , Uu          , Uu          , Uu          , Uu          , Uu          , Uu          , Xu          , Xu          , Xu          , Uu^Uf       , Uu          , Uu          , Uu          , Uu          , Uu          , Uh          , Uu          , Xu          , Uu          , Uu          , Uu          , Uu          , Uh          , Uh          , Xu          , Xu          , Uu          , Uu          , Ql          , Rr          , Rr          , Rr          , Ql          , Ql          , Xu          , Xu          , Xu          
Xu          , Xu          , Xu          , Uu          , Uu          , Uu          , Uu          , Uu          , Uu          , Uu          , Uu          , Xu          , Xu          , Xu          , Uu^Uf       , Uu          , Uu          , Uu          , Uh          , Uh          , Xu          , Xu          , Xu          , Xu          , Uu          , Uu          , Uu          , Uh          , Uh          , Xu          , Xu          , Uu          , Uu          , Uu          , Uu          , Rr          , Rr          , Ql          , Uu          , Uu          , Xu          , Xu          
Xu          , Xu          , Xu          , Uu          , Uu          , Uu          , Uu          , Uu          , Uu          , Uu          , Uu          , Xu          , Xu          , Xu          , Uu^Vu       , Uu          , Uu          , Uu          , Uh          , Uh          , Xu          , Xu          , Xu          , Xu          , Uu          , Uu          , Uu          , Uu          , Uh          , Xu          , Xu          , Uu          , Uu          , Uu          , Uu          , Rr          , Uu          , Uu          , Rr          , Uu^Vud      , Xu          , Xu          
Xu          , Xu          , Uu^Uf       , Uu^Vu       , Uu          , Uu          , Uu          , Uu          , Uu          , Uu          , Xu          , Xu          , Xu          , Xu          , Uu          , Uu          , Uu          , Uh          , Uu          , Uh          , Uh          , Xu          , Xu          , Xu          , Uu          , Uu          , Uu          , Uu          , Uh          , Xu          , Xu          , Uu^Vud      , Uu          , Uu          , Uu          , Rr          , Rr          , Rr          , Uu          , Uu          , Xu          , Xu          
Xu          , Xu          , Xu          , Uu          , Uu          , Uu          , Uu          , Uu          , Uu          , Uu          , Xu          , Xu          , Xu          , Xu          , Uu          , Uu          , Uu          , Uu          , Uu          , Uu          , Uu          , Uh          , Uu          , Uu          , Uu          , Uu          , Uu          , Uu          , Uh          , Xu          , Xu          , Rr          , Rr          , Uu          , Uu          , Rr          , Uu          , Uu          , Uu          , Uu          , Xu          , Xu          
Xu          , Xu          , Xu          , Uu          , Uu          , Uu          , Uu          , Uu          , Uh          , Uu          , Uh          , Xu          , Xu          , Xu          , Uu          , Uu          , Uu          , Uu          , Uu          , Uu          , Uu          , Uu          , Uu          , Uu          , Uu          , Uu          , Uu          , Uu          , Uu^Vu       , Xu          , Xu          , Uu          , Uu          , Rr          , Rr          , Uu          , Uu          , Uu          , Uu          , Uu          , Xu          , Xu          
Xu          , Xu          , Xu          , Uu          , Uu          , Uu          , Uu          , Uh          , Uh          , Uh          , Uh          , Xu          , Xu          , Xu          , Uh          , Uh          , Uh          , Uu          , Uu          , Uu          , Uu          , Uu          , Uu          , Uu          , Uu          , Uu          , Uu          , Uu          , Uu          , Xu          , Xu          , Uu          , Uu          , Uu          , Rr          , Uu          , Uu          , Uu          , Uu          , Uu          , Xu          , Xu          
Xu          , Xu          , Xu          , Uu          , Uu          , Uu          , Uu          , Uu          , Uu          , Uh          , Uh          , Xu          , Xu          , Xu          , Xu          , Uh          , Uh          , Uh          , Uh          , Uh          , Uh          , Uu          , Uh          , Uu          , Uu          , Uu          , Uu          , Uu          , Uu          , Xu          , Xu          , Xu          , Uu          , Uu          , Uu          , Uu          , Uu          , Uu          , Uu          , Uu          , Xu          , Xu          
Xu          , Xu          , Xu          , Uu          , Uu          , Uu          , Uu          , Uu          , Uu          , Uu          , Uh          , Xu          , Xu          , Xu          , Xu          , Xu          , Xu          , Xu          , Xu          , Xu          , Xu          , Uh          , Xu          , Uu          , Uu          , Uu          , Uu          , Uu          , Uu          , Uu          , Uu          , Xu          , Xu          , Uu          , Uu          , Uu          , Rr          , Uu          , Uu          , Uu          , Xu          , Xu          
Xu          , Xu          , Xu          , Re          , Re          , Uu          , Uu          , Uu          , Uu          , Uu          , Uu^Vu       , Xu          , Xu          , Xu          , Xu          , Xu          , Xu          , Xu          , Xu          , Xu          , Xu          , Xu          , Xu          , Uu          , Uu^Vu       , Uu          , Uu          , Uu          , Uu          , Uu          , Uu          , Uh          , Xu          , Uu^Vud      , Rr          , Uu          , Rr          , Uu          , Uu          , Uu          , Xu          , Xu          
Wo          , Xu          , Wo          , Ww          , Ww          , Re          , Re          , Uu          , Uu          , Uu          , Xu          , Xu          , Xu          , Xu          , Uu^Vu       , Xu          , Xu          , Xu          , Xu          , Xu          , Xu          , Xu          , Xu          , Xu          , Xu          , Uu          , Uu          , Uu          , Uu          , Uu          , Uu          , Uu          , Uh          , Xu          , Uu          , Rr          , Rr          , Rr          , Uu          , Uu          , Xu          , Xu          
Wo          , Wo          , Wo          , Wo          , Wo          , Ww          , Re          , Uu          , Uu          , Uu          , Xu          , Xu          , Xu          , Xu          , Uu^Uf       , Uu^Uf       , Uu^Uf       , Uu          , Uu          , Uu          , Uu          , Xu          , Xu          , Xu          , Xu          , Xu          , Uh          , Uu          , Uu          , Uu          , Uu          , Uu          , Uh          , Xu          , Uu          , Uu          , Rr          , Rr          , Uu          , Uu          , Xu          , Xu          
Wo          , Wo          , Wo          , Wo          , Wo          , Ww          , Re          , Uu          , Uu          , Xu          , Xu          , Xu          , Xu          , Uu^Uf       , Uu          , Uu^Uf       , Uu          , Uu          , Uu          , Uu          , Uu          , Uu          , Uu          , Xu          , Xu          , Xu          , Xu          , Uu          , Uu          , Uu          , Uu          , Uu          , Uh          , Xu          , Uu          , Uu          , Uu          , Rr          , Uu          , Uu          , Xu          , Xu          
Wo          , Wo          , Wo          , Wo          , Ww          , Ww          , Re          , Uu          , Xu          , Xu          , Xu          , Xu          , Uu          , Uu          , Uu          , Uu          , Uu          , Uu          , Xu          , Uu          , Uu          , Uu          , Uu          , Xu          , Xu          , Xu          , Xu          , Uh          , Uu          , Uu          , Uu          , Uu          , Uh          , Xu          , Xu          , Uu          , Uu          , Uu          , Uu          , Uu          , Xu          , Xu          
Xu          , Wo          , Ww          , Ww          , Re          , Re^Uf       , Uu          , Uu          , Xu          , Xu          , Xu          , Xu          , Uu          , Uu          , Uu          , Uu          , Uu          , Xu          , Xu          , Xu          , Uu          , Uu          , Uu          , Uu          , Xu          , Xu          , Xu          , Uh          , Uu          , Uu          , Uu          , Uu          , Uh          , Uh          , Xu          , Uu          , Uu          , Uu          , Uu          , Uu          , Xu          , Xu          
Xu          , Xu          , Xu          , Re^Uf       , Uu          , Uu          , Uu          , Uu          , Xu          , Xu          , Xu          , Uu          , Uu          , Uu          , Uu          , Uu          , Uu          , Uu          , Xu          , Xu          , Uu          , Uu          , Uu          , Xu          , Xu          , Xu          , Xu          , Uh          , Uu          , Uu          , Uu          , Uu          , Uh          , Uh          , Xu          , Uu          , Uu          , Uu          , Uu          , Uu          , Xu          , Xu          
Xu          , Xu          , Xu          , Uu          , Uu          , Uu          , Uu          , Uu          , Xu          , Xu          , Xu          , Uu          , Uu          , Uu          , Ce          , Uu          , Uu          , Uu          , Xu          , Xu          , Uu          , Uu          , Uu          , Xu          , Xu          , Xu          , Xu          , Uh          , Uu          , Uu          , Uu^Uf       , Uu          , Uh          , Uh          , Xu          , Uu          , Uu          , Rr          , Uu          , Uu          , Xu          , Xu          
Xu          , Xu          , Xu          , Uu          , Uu          , Uu          , Uu          , Uu          , Qxu         , Qxu         , Qxu         , Uu          , Uu          , Ce          , 1 Ke        , Ce          , Uu          , Uu          , Xu          , Xu          , Uu          , Uu          , Uu          , Xu          , Xu          , Xu          , Xu          , Uh          , Uu          , Uu          , Uu          , Uu          , Uh          , Uh          , Xu          , Uu          , Uu          , Rr          , Uu          , Uu          , Xu          , Xu          
Xu          , Xu          , Xu          , Uh          , Uu          , Uu          , Uu          , Uu          , Qxu         , Qxu         , Qxu         , Uu          , Uu          , Ce          , Ce          , Ce          , Xu          , Xu          , Xu          , Xu          , Uu          , Uu          , Uu          , Xu          , Xu          , Xu          , Xu          , Uh          , Uu          , Uu          , Uu          , Uu          , Uh          , Uh          , Xu          , Uu          , Uu          , Uu          , Uu          , Uu^Vu       , Xu          , Xu          
Xu          , Xu          , Xu          , Uh          , Uu          , Uu          , Uu          , Uu          , Qxu         , Qxu         , Qxu         , Uu          , Uu          , Uu          , Uu          , Uu          , Xu          , Xu          , Uu          , Uu          , Uu          , Uu          , Uu          , Xu          , Xu          , Xu          , Xu          , Uh          , Uu          , Uu          , Uu          , Uu          , Uh          , Xu          , Re          , Re          , Re          , Uu          , Uu          , Uu          , Xu          , Xu          
Xu          , Xu          , Xu          , Uh          , Uu          , Uu          , Uu          , Uu          , Qxu         , Qxu         , Qxu         , Uu          , Uu          , Uu          , Uu          , Uu          , Xu          , Xu          , Uu          , Uu          , Uu          , Uu          , Uu          , Xu          , Xu          , Xu          , Xu          , Uh          , Uu          , Uu          , Uu          , Uu          , Uh          , Xu          , Ww          , Re          , Re          , Uu^Vu       , Uu          , Uu          , Xu          , Xu          
Xu          , Xu          , Xu          , Uh          , Uu          , Uu          , Uu          , Uu          , Qxu         , Qxu         , Qxu         , Uu          , Uu          , Uu          , Uu          , Xu          , Xu          , Xu          , Uu          , Uu          , Uu          , Uu          , Uu          , Xu          , Xu          , Xu          , Xu          , Uh          , Uu          , Uu          , Uu          , Uu          , Xu          , Xu          , Ww          , Ww          , Ww          , Re          , Re^Uf       , Re          , Xu          , Xu          
Xu          , Xu          , Uu^Vu       , Uh          , Uu          , Uu          , Uu          , Uu          , Qxu         , Qxu         , Qxu         , Uu          , Uu          , Uu          , Xu          , Xu          , Xu          , Xu          , Uu          , Uu          , Uu          , Uu          , Uu          , Xu          , Xu          , Xu          , Uu^Vu       , Uh          , Uu          , Uu          , Uu          , Uu          , Uu          , Xu          , Re          , Re          , Ww          , Re          , Ww          , Ww          , Ww          , Xu          
Xu          , Xu          , Uh          , Uh          , Uu          , Uu          , Uu          , Uu          , Qxu         , Qxu         , Qxu         , Uu          , Xu          , Xu          , Xu          , Xu          , Xu          , Xu          , Uu          , Uu          , Uu          , Uu          , Uu          , Xu          , Xu          , Xu          , Xu          , Uh          , Uu          , Uu          , Uu          , Uu          , Uu          , Uu          , Re          , Re          , Wwf         , Ww          , Ww          , Ww          , Ww          , Xu          
Xu          , Xu          , Xu          , Uh          , Uu          , Uu          , Uu          , Uu          , Qxu         , Qxu         , Qxu         , Qxu         , Xu          , Xu          , Xu          , Xu          , Xu          , Xu          , Uu          , Uu          , Uu          , Uu          , Uu          , Xu          , Xu          , Xu          , Xu          , Uh          , Uu          , Uu          , Uu          , Uu          , Re^Uf       , Re^Uf       , Wwf         , Wwf         , Wwf         , Wwf         , Chw         , Ww          , Ww          , Xu          
Xu          , Xu          , Xu          , Uh          , Uu^Uf       , Uu          , Uu          , Uu          , Qxu         , Qxu         , Qxu         , Qxu         , Xu          , Xu          , Xu          , Xu          , Xu          , Xu          , Uu          , Uu          , Ce          , Uu          , Uu          , Xu          , Xu          , Xu          , Xu          , Uu^Uf       , Uu          , Uu          , Uu          , Uu^Vu       , Re          , Re          , Ww          , Wwf         , Chw         , Ww          , Chw         , Ww          , Ww          , Xu          
Xu          , Xu          , Xu          , Uh          , Uu^Uf       , Uu^Uf       , Uh          , Uu          , Qxu         , Qxu         , Qxu         , Qxu         , Xu          , Xu          , Xu          , Xu          , Xu          , Xu          , Uu          , Ce          , 2 Ke        , Ce          , Uu          , Uu          , Xu          , Xu          , Xu          , Uu^Uf       , Xu          , Xu          , Xu          , Uu          , Re^Uf       , Ww          , Ww          , Ww          , Ww          , Chw         , 3 Khw       , Chw         , Wo          , Xu          
Xu          , Xu          , Xu          , Xu          , Xu          , Xu          , Xu          , Xu          , Qxu         , Qxu         , Qxu         , Qxu         , Xu          , Xu          , Xu          , Xu          , Xu          , Xu          , Uu          , Ce          , Ce          , Ce          , Uu          , Uu          , Xu          , Xu          , Xu          , Xu          , Xu          , Xu          , Xu          , Xu          , Xu          , Ww          , Xu          , Ww          , Ww          , Chw         , Ww          , Wo          , Wo          , Xu          
Xu          , Xu          , Xu          , Xu          , Xu          , Xu          , Xu          , Xu          , Qxu         , Qxu         , Qxu         , Xu          , Xu          , Xu          , Xu          , Xu          , Xu          , Xu          , Uu          , Uu          , Uu          , Uu          , Uu          , Uu          , Xu          , Xu          , Xu          , Xu          , Xu          , Xu          , Xu          , Xu          , Xu          , Xu          , Xu          , Xu          , Xu          , Ww          , Xu          , Wo          , Xu          , Xu          
