border_size=1
usage=map

Qxu         , Qxu         , Qxu         , Qxu         , Qxu         , Qxu         , Qxu         , Qxu         , Qxu         , Qxu         , Qxu         , Qxu         , Qxu         , Qxu         , Qxu         , Xu          , Xu          , Xu          , Xu          , Xu          , Xu          , Xu          , Xu          , Xu          , Xu          , Xu          , Xu          , Xu          , Xu          , Xu          , Xu          , Xu          , Xu          , Xu          , Xu          , Xu          , Xu          , Xu          , Xu          , Xu          , Xu          , Xu          
Qxu         , Xu          , Qxu         , Qxu         , Qxu         , Qxu         , Qxu         , Qxu         , Qxu         , Qxu         , Qxu         , Qxu         , Qxu         , Qxu         , Qxu         , Xu          , Xu          , Xu          , Xu          , Xu          , Xu          , Xu          , Uu          , Xu          , Xu          , Xu          , Xu          , Xu          , Xu          , Xu          , Xu          , Xu          , Xu          , Xu          , Xu          , Xu          , Xu          , Xu          , Xu          , Xu          , Xu          , Xu          
Qxu         , Qxu         , Qxu         , Qxu         , Qxu         , Qxu         , Qxu         , Qxu         , Qxu         , Qxu         , Qxu         , Qxu         , Qxu         , Qxu         , Uu          , Qxu^Bs/     , Qxu         , Xu          , Xu          , Xu          , Rr          , Rr          , Rr          , Uu          , Uu          , Uu          , Uu          , Uu          , Uu          , Uu          , Ql          , Ql          , Uh          , Uh          , Uh          , Ql          , Ql          , Ql          , Ql          , Xu          , Xu          , Xu          
Qxu         , Qxu         , Qxu         , Qxu         , Qxu         , Qxu         , Xu          , Xu          , Uu          , Qxu         , Qxu         , Qxu         , Uu          , Qxu^Bs/     , Qxu         , Qxu         , Qxu         , Xu          , Xu          , Xu          , Xu          , Uu          , Uu          , Rr          , Uu          , Uu          , Uu          , Uu          , Uu          , Ql          , Ql          , Uh          , Uu          , Uu          , Uu          , Uh          , Uh          , Ql          , Ql          , Xu          , Xu          , Xu          
Qxu         , Qxu         , Qxu         , Qxu         , Qxu         , Xu          , Xu          , Uu          , Cud         , Uu          , Uu          , Qxu^Bs/     , Qxu         , Qxu         , Qxu         , Qxu         , Qxu         , Xu          , Xu          , Xu          , Xu          , Xu          , Uu          , Rr          , Rr          , Rr          , Rr          , Uu          , Uu          , Ql          , Ql          , Uh          , Uh          , Uu^Ii       , Uu          , Uu          , Uh          , Ql          , Ql          , Ql          , Xu          , Xu          
Xu          , Qxu         , Qxu         , Qxu         , Qxu         , Xu          , Xu          , Uu          , Uu          , Uu          , Uu          , Qxu         , Qxu         , Qxu         , Qxu         , Qxu         , Qxu         , Qxu         , Xu          , Xu          , Xu          , Xu          , Uu          , Rr          , Uu          , Rr          , Rr          , Rr          , Rr          , Uu          , Uu          , Ql          , Uh          , Uu          , Uu          , Uu          , Uu          , Ql          , Ql          , Ql          , Xu          , Xu          
Xu          , Xu          , Uu          , Qxu         , Qxu         , Qxu         , Qxu         , Qxu         , Qxu         , Uu          , Qxu         , Qxu         , Qxu         , Qxu         , Qxu         , Qxu         , Qxu         , Qxu         , Qxu         , Xu          , Xu          , Xu          , Uu          , Rr          , Uu          , Uh          , Uu          , Rr          , Rr          , Uu          , Uu          , Uu          , Uu          , Uu          , Cud         , Uu          , Uu          , Uu          , Uu          , Ql          , Xu          , Xu          
Qxu         , Qxu         , Qxu         , Qxu         , Qxu         , Qxu         , Qxu         , Qxu         , Qxu         , Qxu^Bs|     , Qxu         , Qxu         , Qxu         , Qxu         , Qxu         , Qxu         , Qxu         , Qxu         , Qxu         , Xu          , Xu          , Xu          , Xu          , Rr          , Rr          , Uh          , Uu          , Uu          , Uu          , Rr          , Rr          , Rr          , Rr          , Rr          , Uu          , Uu          , Uu          , Uu          , Ql          , Ql          , Xu          , Xu          
Xu          , Qxu         , Qxu         , Qxu         , Xu          , Qxu         , Qxu         , Qxu         , Qxu         , Qxu^Bs|     , Qxu         , Qxu         , Qxu         , Qxu         , Qxu         , Xu          , Xu          , Qxu         , Qxu         , Xu          , Xu          , Xu          , Xu          , Rr          , Uu          , Uu          , Uu          , Uu          , Xu          , Uu          , Uu          , Uu^Vud      , Uu          , Uu          , Uu          , Uu          , Uu          , Uu          , Uu          , Ql          , Xu          , Xu          
Xu          , Xu          , Qxu         , Qxu         , Qxu         , Qxu         , Qxu         , 6 Qxu       , Qxu         , Qxu^Bs|     , Qxu         , Qxu         , Qxu         , Qxu         , Qxu         , Uu          , Xu          , Qxu         , Qxu         , Qxu         , Xu          , Xu          , Xu          , Rr          , Rr          , Uu          , Uu          , Xu          , Xu          , Xu          , Ql          , Uu          , Uu          , Uu          , Uh          , Uu          , Uu          , Uu          , Ql          , Ql          , Xu          , Xu          
Xu          , Xu          , Qxu         , Qxu         , Qxu         , Qxu         , Qxu         , Qxu         , Qxu         , Qxu^Bs|     , Qxu         , Qxu         , Qxu         , Qxu         , Qxu         , Qxu         , Xu          , Qxu         , Qxu         , Qxu         , Xu          , Xu          , Xu          , Xu          , Rr          , Uu          , Uu          , Xu          , Xu          , Ql          , Ql          , Ql          , Uu          , Uh          , Uh          , Uh          , Uu          , Uu          , Ql          , Ql          , Xu          , Xu          
Xu          , Xu          , Qxu         , Qxu         , Qxu         , Qxu         , Qxu         , Qxu         , Qxu         , Cud         , Qxu         , Qxu         , Qxu         , Qxu         , Xu          , Xu          , Xu          , Qxu         , Qxu         , Qxu         , Qxu         , Xu          , Xu          , Xu          , Uu          , Rr          , Rr          , Uu          , Uu          , Uu          , Uu          , Uu          , Uu          , Uh          , Uh          , Uh          , Uu          , Uu          , Uu          , Uu          , Xu          , Xu          
Xu          , Xu          , Qxu         , Qxu         , Qxu         , Qxu         , Qxu         , Qxu         , Uu          , Qxu^Bs|     , Uu          , Qxu         , Qxu         , Qxu         , Xu          , Xu          , Xu          , Qxu         , Qxu         , Qxu         , Qxu         , Qxu         , Xu          , Xu          , Xu          , Uu          , Uu          , Rr          , Uu          , Uu          , Uu          , Uu          , Rr          , Uh          , Uu          , Uu          , Uu          , Uu          , Uu          , Uu          , Xu          , Xu          
Xu          , Xu          , Qxu         , Xu          , Qxu         , Qxu         , Qxu         , Qxu         , Uu          , Uu          , Uu          , Qxu         , Qxu         , Qxu         , Qxu         , Xu          , Qxu         , Qxu         , Qxu         , Qxu         , Qxu         , Qxu         , Xu          , Xu          , Xu          , Uu          , Uu          , Rr          , Rr          , Uu          , Rr          , Rr          , Rr          , Uu^Vud      , Uu          , Uu          , Uu          , Uu          , Uu          , Uu          , Xu          , Xu          
Xu          , Qxu         , Qxu         , Qxu         , Qxu         , Qxu         , Qxu         , Xu          , Uu          , Uu          , Uu          , Qxu         , Qxu         , Qxu         , Qxu         , Qxu         , Qxu         , Qxu         , Qxu         , Qxu         , Qxu         , Xu          , Xu          , Xu          , Xu          , Uu          , Uu          , Uu          , Rr          , Rr          , Uu          , Uu          , Uu          , Uu          , Uu          , Uu          , Uu          , Uu          , Uu          , Uu          , Xu          , Xu          
Qxu         , Qxu         , Qxu         , Qxu         , Qxu         , Qxu         , Qxu         , Qxu         , Qxu         , Uu          , Qxu         , Qxu         , Qxu         , Qxu         , Qxu         , Qxu         , Qxu         , Qxu         , Qxu         , Qxu         , Qxu         , Xu          , Xu          , Xu          , Uu          , Uu          , Uu          , Uu          , Rr          , Rr          , Uu          , Uu          , Uu          , Ql          , Uu          , Uu          , Uu          , Uu          , Uu          , Uu          , Xu          , Xu          
Qxu         , Qxu         , Qxu         , Qxu         , Qxu         , Qxu         , Qxu         , Qxu         , Qxu         , Qxu^Bs|     , Qxu         , Qxu         , Qxu         , Qxu         , Qxu         , Qxu         , Qxu         , Qxu         , Qxu         , Qxu         , Qxu         , Xu          , Xu          , Xu          , Uu^Vud      , Uu          , Uu          , Uu          , Rr          , Rr          , Uu          , Uu          , Uu          , Xu          , Uu          , Uu          , Uu          , Uu          , Uu          , Xu          , Xu          , Xu          
Qxu         , Qxu         , Qxu         , Qxu         , Xu          , Qxu         , Qxu         , Qxu         , Qxu         , Qxu^Bs|     , Qxu         , Xu          , Qxu         , Qxu         , Xu          , Qxu         , Qxu         , Qxu         , Qxu         , Qxu         , Qxu         , Qxu         , Xu          , Xu          , Xu          , Uu          , Uu          , Uu          , Rr          , Rr          , Uu          , Uu          , Uu          , Xu          , Uu          , Uu          , Uu          , Uu          , Uu          , Xu          , Xu          , Xu          
Qxu         , Qxu         , Qxu         , Xu          , Xu          , Xu          , Qxu         , Qxu         , Qxu         , Qxu^Bs|     , Qxu         , Qxu         , Qxu         , Xu          , Qxu         , Qxu         , Qxu         , Qxu         , Qxu         , Qxu         , Qxu         , Qxu         , Xu          , Xu          , Xu          , Uu          , Uu          , Uu          , Rr          , Rr          , Uu          , Uu          , Uu          , Xu          , Uu          , Uu          , Uu          , Uu          , Cud         , Cud         , Xu          , Xu          
Qxu         , Qxu         , Qxu         , Xu          , Xu          , Xu          , Qxu         , Qxu         , Qxu         , Qxu^Bs|     , Qxu         , Qxu         , Xu          , Xu          , Xu          , Qxu         , Qxu         , Qxu         , Qxu         , Qxu         , Qxu         , Xu          , Xu          , Xu          , Xu          , Uu          , Uu          , Uu          , Rr          , Rr          , Uu          , Uu          , Uu          , Ql          , Uu          , Uu          , Uu          , Uu          , Uu          , Cud         , 5 Kud       , Xu          
Qxu         , Qxu         , Qxu         , Qxu         , Qxu         , Qxu         , Qxu         , Qxu         , Qxu         , Qxu^Bs|     , Qxu         , Qxu         , Qxu         , Qxu         , Xu          , Qxu         , Qxu         , Qxu         , Qxu         , Qxu         , Qxu         , Xu          , Xu          , Xu          , Ql          , Uh          , Uu          , Uu          , Rr          , Rr          , Uu          , Uu          , Ql          , Ql          , Uu          , Uu          , Uu          , Uu          , Cud         , Cud         , Xu          , Xu          
Qxu         , Qxu         , Qxu         , Qxu         , Qxu         , Qxu         , Qxu         , Qxu         , Qxu         , Qxu^Bs|     , Qxu         , Qxu         , Qxu         , Qxu         , Qxu         , Xu          , Qxu         , Qxu         , Qxu         , Qxu         , Qxu         , Xu          , Xu          , Xu          , Ql          , Uh          , Uh          , Uu          , Rr          , Rr          , Uu          , Uu          , Ql          , Ql          , Xu          , Xu          , Xu          , Uu          , Uu          , Cud         , Xu          , Xu          
Qxu         , Qxu         , Xu          , Qxu         , Qxu         , Qxu         , Qxu         , Xu          , Qxu         , Qxu^Bs|     , Qxu         , Qxu         , Qxu         , Qxu         , Qxu         , Qxu         , Qxu         , Qxu         , Qxu         , Qxu         , Qxu         , Xu          , Xu          , Xu          , Xu          , Ql          , Uh          , Uu          , Uu          , Rr          , Uu          , Uu          , Ql          , Xu          , Xu          , Xu          , Xu          , Uu          , Xu          , Uu          , Xu          , Xu          
Qxu         , Qxu         , Xu          , Qxu         , Qxu         , Qxu         , Qxu         , Qxu         , Qxu         , Qxu^Bs|     , Qxu         , Qxu         , Qxu         , Qxu         , Qxu         , Qxu         , Qxu         , Qxu         , Qxu         , Qxu         , Qxu         , Qxu         , Qxu         , Xu          , Xu          , Ql          , Uh          , Uu          , Uu          , Rr          , Rr          , Uu          , Uu          , Qlf         , Qlf         , Xu          , Xu          , Xu          , Xu          , Xu          , Xu          , Xu          
Qxu         , Qxu         , Qxu         , Qxu         , Qxu         , Qxu         , Qxu         , Qxu         , Uu          , Uu          , Uu          , Qxu         , Qxu         , Qxu         , Qxu         , Xu          , Qxu         , Qxu         , Qxu         , Qxu         , Qxu         , Qxu         , Qxu         , Xu          , Xu          , Ql          , Qlf         , Uh          , Uh          , Uu          , Uu          , Rr          , Rr          , Uu          , Uu          , Qlf         , Qlf         , Xu          , Xu          , Xu          , Xu          , Xu          
Qxu         , Qxu         , Qxu         , Qxu         , Qxu         , Qxu         , Qxu         , Qxu         , Uu          , Uu^Ii       , Uu          , Qxu         , Qxu         , Qxu         , Xu          , Xu          , Qxu         , Qxu         , Qxu         , Qxu         , Qxu         , Qxu         , Qxu         , Xu          , Xu          , Xu          , Qlf         , Qlf         , Qlf         , Uh          , Uh          , Uu          , Rr          , Uu          , Uu          , Uu          , Uu          , Uu          , Uu          , Xu          , Xu          , Xu          
Xu          , Qxu         , Qxu         , Qxu         , Qxu         , Qxu         , Qxu         , Qxu         , Qxu         , Uu          , Qxu         , Qxu         , Qxu         , Qxu         , Xu          , Qxu         , Qxu         , Qxu         , Qxu         , Qxu         , Qxu         , Qxu         , Qxu         , Xu          , Xu          , Xu          , Qlf         , Qlf         , Qlf         , Qlf         , Uh          , Uu          , Uu          , Rr          , Rr          , Uu          , Uu          , Uu          , Uu          , Uu          , Xu          , Xu          
Xu          , Xu          , Qxu         , Qxu         , Qxu         , Qxu         , Qxu         , Qxu         , Qxu         , Qxu         , Qxu         , Qxu         , Qxu         , Qxu         , Xu          , Qxu         , Qxu         , Qxu         , Qxu         , Qxu         , Qxu         , Qxu         , Qxu         , Xu          , Xu          , Xu          , Xu          , Qlf         , Xu          , Qlf         , Uh          , Uu          , Uu          , Rr          , Rr          , Rr          , Rr          , Uu          , Uu          , Uu          , Xu          , Xu          
Xu          , Xu          , Qxu         , Qxu         , Qxu         , Qxu         , Qxu         , Qxu         , Qxu         , Qxu         , Qxu         , Qxu         , Qxu         , Xu          , Xu          , Qxu         , Qxu         , Qxu         , Qxu         , Qxu         , Qxu         , Qxu         , Qxu         , Xu          , Xu          , Xu          , Xu          , Xu          , Xu          , Xu          , Uu^Vud      , Uu          , Uu          , Uu          , Uu          , Rr          , Rr          , Rr          , Uu          , Uu          , Xu          , Xu          
Xu          , Xu          , Qxu         , Qxu         , Xu          , Qxu         , Xu          , Xu          , Xu          , Xu          , Xu          , Qxu         , Xu          , Qxu         , Xu          , Xu          , Xu          , Qxu         , Xu          , Qxu         , Xu          , Qxu         , Xu          , Xu          , Xu          , Xu          , Xu          , Xu          , Xu          , Xu          , Uu          , Uu          , Uu          , Uu          , Uu          , Uu          , Uu          , Rr          , Uu          , Uu          , Xu          , Xu          
Xu          , Qxu         , Xu          , Xu          , Xu          , Qxu         , Xu          , Xu          , Xu          , Xu          , Xu          , Xu          , Xu          , Xu          , Xu          , Xu          , Xu          , Xu          , Xu          , Xu          , Xu          , Xu          , Xu          , Xu          , Xu          , Xu          , Xu          , Xu          , Xu          , Xu          , Xu          , Xu          , Xu          , Xu          , Xu          , Uu          , Xu          , Uu          , Xu          , Uu          , Xu          , Xu          
Xu          , Qxu         , Xu          , Xu          , Xu          , Qxu         , Xu          , Xu          , Xu          , Xu          , Xu          , Xu          , Xu          , Xu          , Xu          , Xu          , Xu          , Xu          , Xu          , Xu          , Xu          , Xu          , Xu          , Xu          , Xu          , Xu          , Xu          , Xu          , Xu          , Xu          , Xu          , Xu          , Xu          , Xu          , Xu          , Xu          , Xu          , Xu          , Xu          , Xu          , Xu          , Xu          
Xu          , Qxu         , Xu          , Uh          , Uu          , Qxu         , Uu          , Uu          , Uu          , Uu          , Uu          , Xu          , Uu          , Uu          , Uu          , Xu          , Uu          , Xu          , Uu          , Xu          , Uu          , Xu          , Uu          , Xu          , Uu          , Xu          , Uu          , Xu          , Xu          , Xu          , Xu          , Xu          , Xu          , Xu          , Xu          , Xu          , Xu          , Xu          , Xu          , Xu          , Xu          , Xu          
Xu          , Qxu         , Xu          , Uu          , Uu          , Uu          , Uu          , Uh          , Uu          , Uu          , Uu          , Uu          , Uu          , Uu          , Uu          , Uu          , Uu          , Uu          , Uu          , Uu          , Uu          , Uu          , Uu          , Uu          , Uu          , Uu          , Uu          , Uu          , Uu          , Uu          , Uu          , Uu          , Uu          , Uu          , Uu          , Xu          , Rr          , Uh          , Rr          , Xu          , Xu          , Xu          
Qxu         , Uh          , Uu^Vu       , Uu          , Re          , Uu          , Uu^Uf       , Uu          , Uu^Uf       , Uu          , Re          , Uu          , Re          , Uu          , Re          , Uu          , Re          , Re          , Re          , Re          , Re          , Re          , Re          , Uu          , Re          , Rr          , Re          , Rr          , Rr          , Uu          , Re          , Uu          , Rr          , Uu          , Rr          , Rr          , Rr          , Rr          , Rr          , Xu          , Xu          , Xu          
Qxu         , Xu          , Uh          , Uu          , Re          , Re          , Re          , Re          , Re          , Re          , Uu          , Re          , Uu          , Re          , Uu          , Re          , Uu          , Re          , Uh          , Re          , Uu^Uf       , Re          , Uu          , Re          , Uu          , Re          , Uu          , Re          , Re          , Re          , Rr          , Re          , Re          , Re          , Re          , Rr          , Re          , Uu          , Uu          , Uh          , Xu          , Xu          
Qxu         , Xu          , Uh          , Uu          , Re          , Re          , Re          , Re          , Uu          , Uu          , Uu          , Uu          , Uu          , Uu          , Uu          , Uu          , Uu          , Uu          , Uh          , Uh          , Uu^Uf       , Uu          , Uu          , Uu          , Uu          , Uu          , Uu          , Uu          , Uu          , Uu          , Uu          , Uu          , Uu          , Uu          , Uu          , Re          , Uu          , Re          , Uu          , Uh          , Xu          , Xu          
Qxu         , Xu          , Uu^Vu       , Uu          , Uu          , Re          , Uu          , Uu          , Uu          , Uu          , Uu          , Uu          , Uh          , Uu          , Uh          , Uu          , Uu          , Uu          , Uu^Uf       , Uh          , Uu^Uf       , Uu          , Uu          , Uu          , Uu^Uf       , Uu          , Uu          , Uu          , Xu          , Uu          , Xu          , Uu          , Xu          , Uu          , Xu          , Uu          , Uu          , Re          , Re          , Uh          , Xu          , Xu          
Qxu         , Xu          , Xu          , Xu          , Uu          , Uu          , Uu          , Uu          , Uu          , Uu          , Uh          , Xu          , Xu          , Uh          , Xu          , Xu          , Xu          , Xu          , Xu          , Xu          , Xu          , Xu          , Xu          , Xu          , Xu          , Xu          , Xu          , Xu          , Xu          , Xu          , Xu          , Xu          , Xu          , Xu          , Xu          , Xu          , Uu          , Re          , Uu          , Xu          , Xu          , Xu          
Qxu         , Qxu         , Xu          , Xu          , Xu          , Uu          , Xu          , Uu          , Xu          , Uu          , Xu          , Xu          , Xu          , Xu          , Xu          , Xu          , Xu          , Xu          , Xu          , Xu          , Xu          , Xu          , Xu          , Xu          , Xu          , Xu          , Xu          , Xu          , Xu          , Xu          , Xu          , Xu          , Xu          , Xu          , Xu          , Xu          , Uu          , Re          , Uu          , Xu          , Xu          , Xu          
Qxu         , Qxu         , Xu          , Xu          , Rr          , Xu          , Rr          , Xu          , Rr          , Xu          , Rr          , Xu          , Xu          , Xu          , Xu          , Xu          , Xu          , Xu          , Xu          , Xu          , Xu          , Xu          , Xu          , Xu          , Xu          , Xu          , Uu          , Uu          , Uu          , Xu          , Uu          , Xu          , Uu          , Xu          , Uu          , Uu          , Re          , Re          , Uu          , Xu          , Xu          , Xu          
Qxu         , Qxu         , Xu          , Rr          , Rr          , Rr          , Rp          , Rr          , Rp          , Rr          , Rr          , Rr          , Xu          , Xu          , Uu          , Uu          , Chr         , Uu          , Uu          , Uh          , Uh          , Uh          , Uu          , Uu^Vu       , Uu          , Uu          , Re          , Uu          , Re          , Uu          , Uu          , Uu          , Re          , Uu          , Uu          , Re          , Uu          , Uu          , Uu          , Xu          , Xu          , Xu          
Qxu         , Xu          , Xu          , Rr          , Rr          , Rp          , Rr          , Rp          , Rr          , Rp          , Rr          , Rr          , Xu          , Xu          , Uu          , Chr         , 3 Khr       , Chr         , Uu          , Uu          , Re          , Uu          , Re          , Uu          , Uu          , Re          , Uu          , Re          , Uu          , Re          , Re          , Re          , Uu          , Re          , Uu          , Uu          , Uu          , Uu          , Uu          , Xu          , Xu          , Xu          
Qxu         , Xu          , Xu          , Rr          , Rr          , Rp          , Rp          , Rp          , Rp          , Rp          , Rr          , Rr          , Xu          , Xu          , Uu          , Chr         , Chr         , Chr         , Re          , Re          , Re          , Re          , Uu          , Uu          , Uh          , Uu          , Uu          , Uu          , Uu          , Uu          , Uu          , Uu          , Uu          , Uu          , Uu          , Uu          , Xu          , Uu          , Uu          , Xu          , Xu          , Xu          
Qxu         , Xu          , Xu          , Rr          , Rr          , Rr          , Rp          , Rr          , Rp          , Rr          , Rr          , Rr          , Xu          , Xu          , Uu          , Uu          , Uu          , Uu          , Uu          , Uu          , Uu          , Uu          , Uu          , Uh          , Uh          , Uh          , Uu          , Uu          , Uu          , Uu          , Xu          , Xu          , Xu          , Uu          , Xu          , Xu          , Xu          , Xu          , Xu          , Xu          , Xu          , Xu          
Qxu         , Qxu         , Xu          , Rr          , Rp          , Rr          , Rr          , Rr          , Rr          , Rr          , Rp          , Rr          , Xu          , Xu          , Uu          , Uu          , Re          , Uu          , Qxu         , Qxu         , Uu          , Uu          , Uu          , Uu          , Uu          , Uh          , Uu          , Uu          , Xu          , Xu          , Xu          , Xu          , Xu          , Xu          , Uu          , Xu          , Xu          , Uu          , Uu          , Xu          , Xu          , Xu          
Xu          , Qxu         , Qxu         , Xu          , Rr          , Rp          , Rp          , Rr          , Rp          , Rp          , Rr          , Xu          , Xu          , Uu^Vu       , Uu          , Re          , Uu          , Uu          , Uu          , Qxu         , Uh          , Uh          , Uu^Vu       , Uu          , Uu          , Uu          , Xu          , Xu          , Xu          , Xu          , Xu          , Xu          , Uu          , Uu          , Uu          , Uu          , Uu          , Uu          , Uu          , Xu          , Xu          , Xu          
Xu          , Xu          , Qxu         , Xu          , Rr          , Rr          , Rp          , Rp          , Rp          , Rr          , Rr          , Xu          , Xu          , Uu          , Uu          , Re          , Re          , Uu          , Uh          , Uh          , Uh          , Uh          , Uu          , Uu          , Xu          , Xu          , Xu          , Xu          , Xu          , Xu          , Uu          , Uu          , Uu          , Uu^Vu       , Uu          , Uu          , Uu          , Uu          , Uu          , Xu          , Xu          , Xu          
Xu          , Xu          , Qxu         , Xu          , Uu          , Rp          , Uu          , Rr          , Re          , Uu          , Uu          , Xu          , Xu          , Uu^Vu       , Uu          , Uu          , Re          , Uu          , Uu          , Uh          , Uu          , Uu          , Xu          , Xu          , Xu          , Xu          , Xu          , Xu          , Uu          , Uu          , Ww          , Ww          , Ww          , Uu          , Ww          , Ww          , Ww          , Uu          , Uu          , Xu          , Xu          , Xu          
Xu          , Xu          , Qxu         , Uu^Uf       , Uu          , Uu          , Uu          , Uu          , Re          , Uu          , Uu          , Xu          , Xu          , Xu          , Uh          , Uu          , Uu          , Re          , Uu          , Uu          , Uu          , Uu          , Xu          , Xu          , Xu          , Xu          , Uu          , Uu          , Ww          , Ww          , Ww          , Ww          , Ww          , Uu          , Ww          , Ww          , Ww          , Uu          , Uu          , Xu          , Xu          , Xu          
Qxu         , Qxu         , Xu          , Uu^Uf       , Uu          , Uu          , Re          , Uu          , Uu          , Uu          , Uh          , Xu          , Xu          , Xu          , Xu          , Uh          , Uu          , Re          , Uu          , Uu          , Uu          , Uu          , Xu          , Xu          , Uu          , Uu          , Wwf         , Ww          , Wo          , Ww^Vm       , Ww          , Ww          , Ww          , Ww          , Ww          , Ww          , Uu          , Uu          , Uu          , Xu          , Xu          , Xu          
Qxu         , Xu          , Xu          , Uu^Uf       , Uu          , Uh          , Re          , Re          , Re          , Uu          , Uh          , Xu          , Xu          , Xu          , Xu          , Uh          , Uu          , Re          , Uu          , Uu          , Xu          , Xu          , Xu          , Xu          , Uu          , Uu          , Ww          , Wo          , Wo          , Ww          , Uu          , Uu          , Ww          , Ww          , Wo          , Ww          , Uu          , Uu          , Uu^Vu       , Xu          , Xu          , Xu          
Qxu         , Xu          , Xu          , Uh          , Uu          , Uh          , Re          , Uu          , Uu          , Uu          , Uu          , Xu          , Xu          , Xu          , Xu          , Uu          , Re          , Uu          , Uu          , Uu          , Xu          , Xu          , Xu          , Xu          , Uu          , Uu          , Ww          , Ww          , Ww          , Ww          , Wwf         , Uu          , Ww          , Wo          , Ww          , Ww          , Ww          , Uu          , Xu          , Xu          , Xu          , Xu          
Qxu         , Xu          , Xu          , Uu          , Uu          , Uh          , Uu          , Uu          , Uu          , Uu          , Uu          , Xu          , Xu          , Xu          , Xu          , Re          , Uu^Ii       , Re          , Uu          , Uu          , Xu          , Xu          , Xu          , Xu          , Uu          , Uu          , Ww          , Ww          , Ww          , Re          , Re          , Wwf         , Re          , Ww          , Ww          , Ww          , Ww          , Uu          , Xu          , Xu          , Xu          , Xu          
Xu          , Qxu         , Qxu         , Uu          , Uu          , Uu          , Uu          , Uu          , Uu          , Uu          , Re          , Uh          , Xu          , Xu          , Xu          , Re^Uf       , Re^Uf       , Re^Uf       , Uu^Uf       , Xu          , Xu          , Xu          , Xu          , Uu          , Uu          , Uu          , Ww          , Wo          , Wo          , Ww          , Re^Uf       , Re^Uf       , Re          , Re          , Ww          , Ww          , Uu          , Uu          , Xu          , Xu          , Xu          , Xu          
Xu          , Qxu         , Xu          , Uu          , Uu          , Uu          , 1 Re        , Uu          , Xu          , Uu          , Uu          , Uu          , Xu          , Xu          , Xu          , Uu^Uf       , Uu^Uf       , Uu^Uf       , Xu          , Xu          , Xu          , Xu          , Uu          , Uu          , Ww          , Ww          , Ww          , Wo          , Ww          , Ww          , Re^Uf       , Re^Uf       , Re          , Re          , Ww          , Ww          , Uu          , Uu^Uf       , Xu          , Xu          , Xu          , Xu          
Xu          , Xu          , Xu          , Uu          , Uh          , Uh          , Re          , Uu          , Uu          , Xu          , Xu          , Uu^Vu       , Xu          , Xu          , Xu          , Uu^Uf       , Uu^Uf       , Xu          , Xu          , Xu          , Xu          , Uu          , Wwf         , Ww          , Ww          , Ww          , Ww          , Re          , Re          , Re^Uf       , Re^Uf       , Re          , Wwf         , Ww          , Ww          , Ww          , Uu          , Uu^Uf       , Xu          , Xu          , Xu          , Xu          
Xu          , Xu          , Xu          , Uu          , Uu          , Uh          , Re          , Uu          , Uu          , Uu          , Xu          , Xu          , Xu          , Xu          , Xu          , Uu^Uf       , Xu          , Xu          , Xu          , Xu          , Xu          , Uu          , Wwf         , Wwf         , Wwf         , Ww          , Ww          , Ww          , Ww          , Wwf         , Wwf         , Re          , Ww          , Ww          , Wo          , Uu          , Xu          , Xu          , Xu          , Xu          , Xu          , Xu          
Xu          , Xu          , Xu          , Xu          , Uu          , Uu          , 2 Re        , Uu          , Re          , Uu          , Uu          , Xu          , Xu          , Xu          , Xu          , Xu          , Xu          , Xu          , Xu          , Xu          , Uu          , Ww          , Ww          , Wwf         , Chw         , Chw         , Chw         , Ww          , Ww          , Uu          , Uu          , Wwf         , Ww          , Ww          , Wo          , Xu          , Xu          , Xu          , Xu          , Xu          , Xu          , Xu          
Xu          , Xu          , Xu          , Xu          , Uu          , Uu          , Re          , Re          , Uu          , Uu          , Uu          , Xu          , Xu          , Xu          , Xu          , Xu          , Xu          , Xu          , Xu          , Uu^Vu       , Uu          , Ww          , Ww          , Ww          , Chw         , 4 Khw       , Chw         , Ww          , Xu          , Uu^Uf       , Xu          , Uu          , Wo          , Ww          , Wo          , Xu          , Xu          , Xu          , Xu          , Xu          , Xu          , Xu          
Xu          , Xu          , Xu          , Xu          , Uu          , Uu          , Uu          , Uu          , Uu          , Uu          , Uu          , Xu          , Xu          , Xu          , Xu          , Xu          , Xu          , Xu          , Xu          , Xu          , Xu          , Xu          , Xu          , Ww          , Ww          , Chw         , Ww          , Ww          , Xu          , Xu          , Xu          , Xu          , Xu          , Wo          , Xu          , Xu          , Xu          , Xu          , Xu          , Xu          , Xu          , Xu          
Xu          , Xu          , Xu          , Xu          , Uu          , Uu          , Uu          , Uu          , Uu          , Uu          , Uu          , Xu          , Xu          , Xu          , Xu          , Xu          , Xu          , Xu          , Xu          , Xu          , Xu          , Xu          , Xu          , Xu          , Xu          , Ww          , Xu          , Xu          , Xu          , Xu          , Xu          , Xu          , Xu          , Xu          , Xu          , Xu          , Xu          , Xu          , Xu          , Xu          , Xu          , Xu          
